// Jest Snapshot v1, https://goo.gl/fbAQLP

exports[`Pruebas en el Navbar debe mostrarse correctamente 1`] = `
<nav
  className="navbar navbar-expand-sm navbar-dark bg-dark container-fluid"
>
  <a
    className="navbar-brand"
    onClick={[Function]}
  >
    Asociaciones
  </a>
  <div
    className="collapse navbar-collapse"
    id="navbarText"
  >
    <ul
      className="navbar-nav me-auto mb-2 mb-lg-0"
    >
      <a
        aria-current={null}
        className="nav-item nav-link"
        onClick={[Function]}
      >
        Marvel
      </a>
      <a
        aria-current={null}
        className="nav-item nav-link"
        onClick={[Function]}
      >
        DC
      </a>
      <a
        aria-current={null}
        className="nav-item nav-link"
        onClick={[Function]}
      >
        Search
      </a>
    </ul>
    <span
      className="navbar-text text-info me-4"
    >
      test
    </span>
    <button
      className="nav-item nav-link btn btn-primary"
      onClick={[Function]}
    >
      Logout
    </button>
  </div>
</nav>
`;
