// Jest Snapshot v1, https://goo.gl/fbAQLP

exports[`Pruebas en el componente <LoginScreen /> debe mostrarse correctamente con usuario no autenticado 1`] = `
<div
  className="container mt-5"
>
  <h1>
    Login
  </h1>
  <hr />
  <button
    className="btn btn-primary"
    onClick={[Function]}
  >
    Ingresar
  </button>
</div>
`;
